Total number of triples =  91125000000 Memory ~ 729.0 GB
